2026/06/04 2:31:07 にビルドを開始しました。
ログの詳細度は次のように設定されています: Detailed。     0>出力がファイルにリダイレクトされているため、ターミナル ロガーは使用されませんでした。
       プロセス = "C:\Program Files\dotnet\dotnet.exe"
       MSBuild 実行可能ファイルのパス = "C:\Program Files\dotnet\sdk\10.0.300\MSBuild.exe"
       コマンド ライン引数 = "C:\Program Files\dotnet\sdk\10.0.300\MSBuild.exe -maxcpucount --verbosity:m -tlp:default=auto --property:Configuration=Release --property:NuGetInteractive=false --nologo -restore:false rapid-zipper.wixproj -fl -flp:logfile=wix_build.log -consoleloggerparameters:Summary -distributedlogger:Microsoft.DotNet.Cli.Commands.MSBuild.MSBuildLogger,C:\Program Files\dotnet\sdk\10.0.300\dotnet.dll*Microsoft.DotNet.Cli.Commands.MSBuild.MSBuildForwardingLogger,C:\Program Files\dotnet\sdk\10.0.300\dotnet.dll"
       現在のディレクトリ = "C:\Users\rikui\Documents\VSCode\ラピッド圧縮✧展開\rapid-zipper"
       MSBuild バージョン = "18.6.3+caa81fa49"
       Windows レジストリ キー LongPathsEnabled に基づいて、LongPaths 機能は有効です。
       Windows レジストリ キー VerifiedAndReputablePolicyState に基づいて、SAC 状態 = 0: オフ。
       "DefaultSdkResolver" リゾルバーが SDK "WixToolset.Sdk/5.0.2" を解決しようとしました。
       警告: null
       エラー: MSB4276: ディレクトリ "WixToolset.Sdk" が存在しなかったため、既定の SDK リゾルバーは SDK "C:\Program Files\dotnet\sdk\10.0.300\Sdks\WixToolset.Sdk\Sdk" を解決できませんでした。
       Evaluation 中にアセンブリが読み込まれました: Microsoft.Build.NuGetSdkResolver, Version=7.6.0.0, Culture=neutral, PublicKeyToken=31bf3856ad364e35 (場所: C:\Program Files\dotnet\sdk\10.0.300\Microsoft.Build.NuGetSdkResolver.dll、MVID: 151ed02f-1ab6-4f32-8c0a-fe25c317d11a、AssemblyLoadContext: MSBuild plugin C:\Program Files\dotnet\sdk\10.0.300\Microsoft.Build.NuGetSdkResolver.dll)
       Evaluation 中にアセンブリが読み込まれました: System.Reflection.Metadata, Version=10.0.0.0, Culture=neutral, PublicKeyToken=b03f5f7f11d50a3a (場所: C:\Program Files\dotnet\shared\Microsoft.NETCore.App\10.0.8\System.Reflection.Metadata.dll、MVID: b00f87a8-2279-421f-b1b1-a0bcdb1c828a、AssemblyLoadContext: Default)
       Evaluation 中にアセンブリが読み込まれました: NuGet.Common, Version=7.6.0.0, Culture=neutral, PublicKeyToken=31bf3856ad364e35 (場所: C:\Program Files\dotnet\sdk\10.0.300\NuGet.Common.dll、MVID: c7cb08cf-8731-44a8-9d1a-502b05090f5f、AssemblyLoadContext: MSBuild plugin C:\Program Files\dotnet\sdk\10.0.300\Microsoft.Build.NuGetSdkResolver.dll)
       Evaluation 中にアセンブリが読み込まれました: Microsoft.NET.Sdk.WorkloadMSBuildSdkResolver, Version=10.0.300.0, Culture=neutral, PublicKeyToken=31bf3856ad364e35 (場所: C:\Program Files\dotnet\sdk\10.0.300\Microsoft.NET.Sdk.WorkloadMSBuildSdkResolver.dll、MVID: 6bd6f385-a7b5-45e0-b650-8be633ce4495、AssemblyLoadContext: MSBuild plugin C:\Program Files\dotnet\sdk\10.0.300\Microsoft.NET.Sdk.WorkloadMSBuildSdkResolver.dll)
       Evaluation 中にアセンブリが読み込まれました: Microsoft.DotNet.Cli.CoreUtils, Version=10.0.300.0, Culture=neutral, PublicKeyToken=adb9793829ddae60 (場所: C:\Program Files\dotnet\sdk\10.0.300\Microsoft.DotNet.Cli.CoreUtils.dll、MVID: f753002e-04cb-4491-a1be-1eec0e0cda1d、AssemblyLoadContext: MSBuild plugin C:\Program Files\dotnet\sdk\10.0.300\Microsoft.NET.Sdk.WorkloadMSBuildSdkResolver.dll)
       Evaluation 中にアセンブリが読み込まれました: Microsoft.NET.Sdk.WorkloadManifestReader, Version=10.0.300.0, Culture=neutral, PublicKeyToken=adb9793829ddae60 (場所: C:\Program Files\dotnet\sdk\10.0.300\Microsoft.NET.Sdk.WorkloadManifestReader.dll、MVID: b5fad3c7-5665-40f1-9059-7407f11c4a66、AssemblyLoadContext: MSBuild plugin C:\Program Files\dotnet\sdk\10.0.300\Microsoft.NET.Sdk.WorkloadMSBuildSdkResolver.dll)
       Evaluation 中にアセンブリが読み込まれました: Microsoft.Deployment.DotNet.Releases, Version=2.0.0.0, Culture=neutral, PublicKeyToken=31bf3856ad364e35 (場所: C:\Program Files\dotnet\sdk\10.0.300\Microsoft.Deployment.DotNet.Releases.dll、MVID: 2c0d9534-e211-4d4d-9419-0799af0445a8、AssemblyLoadContext: MSBuild plugin C:\Program Files\dotnet\sdk\10.0.300\Microsoft.NET.Sdk.WorkloadMSBuildSdkResolver.dll)
       "Microsoft.DotNet.MSBuildWorkloadSdkResolver" リゾルバーが SDK "WixToolset.Sdk/5.0.2" を解決しようとしました。
       警告: null
       エラー: SDK リゾルバー "Microsoft.DotNet.MSBuildWorkloadSdkResolver" が null を返しました。
       Evaluation 中にアセンブリが読み込まれました: NuGet.Versioning, Version=7.6.0.0, Culture=neutral, PublicKeyToken=31bf3856ad364e35 (場所: C:\Program Files\dotnet\sdk\10.0.300\NuGet.Versioning.dll、MVID: a8616b59-8cc5-48e4-b939-17199e3dafea、AssemblyLoadContext: MSBuild plugin C:\Program Files\dotnet\sdk\10.0.300\Microsoft.Build.NuGetSdkResolver.dll)
       Evaluation 中にアセンブリが読み込まれました: NuGet.Commands, Version=7.6.0.0, Culture=neutral, PublicKeyToken=31bf3856ad364e35 (場所: C:\Program Files\dotnet\sdk\10.0.300\NuGet.Commands.dll、MVID: 99ca5744-e818-4ae7-bac3-44cac66d53a4、AssemblyLoadContext: MSBuild plugin C:\Program Files\dotnet\sdk\10.0.300\Microsoft.Build.NuGetSdkResolver.dll)
       Evaluation 中にアセンブリが読み込まれました: NuGet.ProjectModel, Version=7.6.0.0, Culture=neutral, PublicKeyToken=31bf3856ad364e35 (場所: C:\Program Files\dotnet\sdk\10.0.300\NuGet.ProjectModel.dll、MVID: 91c169e8-39f0-4330-8136-94cd57b1c51b、AssemblyLoadContext: MSBuild plugin C:\Program Files\dotnet\sdk\10.0.300\Microsoft.Build.NuGetSdkResolver.dll)
       Evaluation 中にアセンブリが読み込まれました: NuGet.LibraryModel, Version=7.6.0.0, Culture=neutral, PublicKeyToken=31bf3856ad364e35 (場所: C:\Program Files\dotnet\sdk\10.0.300\NuGet.LibraryModel.dll、MVID: 0fd39fec-cd0c-4d6a-8cb3-d674f690bcf7、AssemblyLoadContext: MSBuild plugin C:\Program Files\dotnet\sdk\10.0.300\Microsoft.Build.NuGetSdkResolver.dll)
       Evaluation 中にアセンブリが読み込まれました: NuGet.Packaging, Version=7.6.0.0, Culture=neutral, PublicKeyToken=31bf3856ad364e35 (場所: C:\Program Files\dotnet\sdk\10.0.300\NuGet.Packaging.dll、MVID: dce9768a-e0bf-4c44-8e59-abadc4ac990b、AssemblyLoadContext: MSBuild plugin C:\Program Files\dotnet\sdk\10.0.300\Microsoft.Build.NuGetSdkResolver.dll)
       Evaluation 中にアセンブリが読み込まれました: NuGet.Configuration, Version=7.6.0.0, Culture=neutral, PublicKeyToken=31bf3856ad364e35 (場所: C:\Program Files\dotnet\sdk\10.0.300\NuGet.Configuration.dll、MVID: a522e707-b487-4517-86ae-2b23a755f545、AssemblyLoadContext: MSBuild plugin C:\Program Files\dotnet\sdk\10.0.300\Microsoft.Build.NuGetSdkResolver.dll)
       SDK "WixToolset.Sdk/5.0.2" は、"NuGetSdkResolver" リゾルバーによって場所 "C:\Users\rikui\.nuget\packages\wixtoolset.sdk\5.0.2\Sdk" とバージョン"5.0.2" に正常に解決されました。
       C:\Users\rikui\.nuget\packages\wixtoolset.sdk\5.0.2\tools\wix.props(14,134): message : 環境から展開された 'C:\Users\rikui\AppData\Local\Microsoft\MSBuild' 値を持つプロパティ 'MSBuildUserExtensionsPath'。
       C:\Users\rikui\.nuget\packages\wixtoolset.sdk\5.0.2\tools\wix.props(15,130): message : 環境から展開された 'C:\Program Files\dotnet\sdk\10.0.300\' 値を持つプロパティ 'MSBuildExtensionsPath'。
       C:\Program Files\dotnet\sdk\10.0.300\Current\Microsoft.Common.props(60,5): message : プロパティの再代入: $(MSBuildProjectExtensionsPath)="C:\Users\rikui\Documents\VSCode\ラピッド圧縮✧展開\rapid-zipper\obj\" (以前の値: "obj\") C:\Program Files\dotnet\sdk\10.0.300\Current\Microsoft.Common.props (60,5)
       Evaluation 中にアセンブリが読み込まれました: System.Threading.Tasks.Parallel, Version=10.0.0.0, Culture=neutral, PublicKeyToken=b03f5f7f11d50a3a (場所: C:\Program Files\dotnet\shared\Microsoft.NETCore.App\10.0.8\System.Threading.Tasks.Parallel.dll、MVID: c4ac9312-6477-44e3-9858-af6507de959c、AssemblyLoadContext: Default)
       C:\Users\rikui\Documents\VSCode\ラピッド圧縮✧展開\rapid-zipper\obj\rapid-zipper.wixproj.nuget.g.props(7,5): message : 環境から展開された 'C:\Users\rikui' 値を持つプロパティ 'USERPROFILE'。
       "Configuration" プロパティはグローバル プロパティであり、変更できません。
       "Configuration" プロパティはグローバル プロパティであり、変更できません。
       Evaluation 中にアセンブリが読み込まれました: Microsoft.Build.Utilities.Core, Version=15.1.0.0, Culture=neutral, PublicKeyToken=b03f5f7f11d50a3a (場所: C:\Program Files\dotnet\sdk\10.0.300\Microsoft.Build.Utilities.Core.dll、MVID: e3cc180f-25e3-4a64-8df9-92f407079812、AssemblyLoadContext: Default)
       "Configuration" プロパティはグローバル プロパティであり、変更できません。
       C:\Program Files\dotnet\sdk\10.0.300\Microsoft.Common.CurrentVersion.targets(178,5): message : プロパティの再代入: $(_DebugSymbolsProduced)="true" (以前の値: "false") C:\Program Files\dotnet\sdk\10.0.300\Microsoft.Common.CurrentVersion.targets (178,5)
       C:\Program Files\dotnet\sdk\10.0.300\Microsoft.Common.CurrentVersion.targets(185,5): message : プロパティの再代入: $(_DocumentationFileProduced)="false" (以前の値: "true") C:\Program Files\dotnet\sdk\10.0.300\Microsoft.Common.CurrentVersion.targets (185,5)
       C:\Program Files\dotnet\sdk\10.0.300\Microsoft.Common.CurrentVersion.targets(392,5): message : プロパティの再代入: $(MSBuildCopyMarkerName)="rapid-zi.6799D418" (以前の値: "rapid-zipper.wixproj") C:\Program Files\dotnet\sdk\10.0.300\Microsoft.Common.CurrentVersion.targets (392,5)
       C:\Program Files\dotnet\sdk\10.0.300\Microsoft.Common.CurrentVersion.targets(393,5): message : プロパティの再代入: $(MSBuildCopyMarkerName)="rapid-zi.6799D418.Up2Date" (以前の値: "rapid-zi.6799D418") C:\Program Files\dotnet\sdk\10.0.300\Microsoft.Common.CurrentVersion.targets (393,5)
       C:\Program Files\dotnet\sdk\10.0.300\Microsoft.Common.CurrentVersion.targets(542,5): message : プロパティの再代入: $(ProcessorArchitecture)="amd64" (以前の値: "") C:\Program Files\dotnet\sdk\10.0.300\Microsoft.Common.CurrentVersion.targets (542,5)
       C:\Program Files\dotnet\sdk\10.0.300\Microsoft.Common.CurrentVersion.targets(580,5): message : プロパティの再代入: $(DelaySign)="" (以前の値: "false") C:\Program Files\dotnet\sdk\10.0.300\Microsoft.Common.CurrentVersion.targets (580,5)
       C:\Program Files\dotnet\sdk\10.0.300\Microsoft.Common.CurrentVersion.targets(649,5): message : プロパティの再代入: $(AssemblySearchPaths)="{CandidateAssemblyFiles};" (以前の値: "{CandidateAssemblyFiles}") C:\Program Files\dotnet\sdk\10.0.300\Microsoft.Common.CurrentVersion.targets (649,5)
       C:\Program Files\dotnet\sdk\10.0.300\Microsoft.Common.CurrentVersion.targets(650,5): message : プロパティの再代入: $(AssemblySearchPaths)="{CandidateAssemblyFiles};;{HintPathFromItem}" (以前の値: "{CandidateAssemblyFiles};") C:\Program Files\dotnet\sdk\10.0.300\Microsoft.Common.CurrentVersion.targets (650,5)
       C:\Program Files\dotnet\sdk\10.0.300\Microsoft.Common.CurrentVersion.targets(651,5): message : プロパティの再代入: $(AssemblySearchPaths)="{CandidateAssemblyFiles};;{HintPathFromItem};{TargetFrameworkDirectory}" (以前の値: "{CandidateAssemblyFiles};;{HintPathFromItem}") C:\Program Files\dotnet\sdk\10.0.300\Microsoft.Common.CurrentVersion.targets (651,5)
       C:\Program Files\dotnet\sdk\10.0.300\Microsoft.Common.CurrentVersion.targets(652,5): message : プロパティの再代入: $(AssemblySearchPaths)="{CandidateAssemblyFiles};;{HintPathFromItem};{TargetFrameworkDirectory};" (以前の値: "{CandidateAssemblyFiles};;{HintPathFromItem};{TargetFrameworkDirectory}") C:\Program Files\dotnet\sdk\10.0.300\Microsoft.Common.CurrentVersion.targets (652,5)
       C:\Program Files\dotnet\sdk\10.0.300\Microsoft.Common.CurrentVersion.targets(653,5): message : プロパティの再代入: $(AssemblySearchPaths)="{CandidateAssemblyFiles};;{HintPathFromItem};{TargetFrameworkDirectory};;{Registry:Software\Microsoft\,v0.0,AssemblyFoldersEx}" (以前の値: "{CandidateAssemblyFiles};;{HintPathFromItem};{TargetFrameworkDirectory};") C:\Program Files\dotnet\sdk\10.0.300\Microsoft.Common.CurrentVersion.targets (653,5)
       C:\Program Files\dotnet\sdk\10.0.300\Microsoft.Common.CurrentVersion.targets(654,5): message : プロパティの再代入: $(AssemblySearchPaths)="{CandidateAssemblyFiles};;{HintPathFromItem};{TargetFrameworkDirectory};;{Registry:Software\Microsoft\,v0.0,AssemblyFoldersEx};{AssemblyFolders}" (以前の値: "{CandidateAssemblyFiles};;{HintPathFromItem};{TargetFrameworkDirectory};;{Registry:Software\Microsoft\,v0.0,AssemblyFoldersEx}") C:\Program Files\dotnet\sdk\10.0.300\Microsoft.Common.CurrentVersion.targets (654,5)
       C:\Program Files\dotnet\sdk\10.0.300\Microsoft.Common.CurrentVersion.targets(655,5): message : プロパティの再代入: $(AssemblySearchPaths)="{CandidateAssemblyFiles};;{HintPathFromItem};{TargetFrameworkDirectory};;{Registry:Software\Microsoft\,v0.0,AssemblyFoldersEx};{AssemblyFolders};{GAC}" (以前の値: "{CandidateAssemblyFiles};;{HintPathFromItem};{TargetFrameworkDirectory};;{Registry:Software\Microsoft\,v0.0,AssemblyFoldersEx};{AssemblyFolders}") C:\Program Files\dotnet\sdk\10.0.300\Microsoft.Common.CurrentVersion.targets (655,5)
       C:\Program Files\dotnet\sdk\10.0.300\Microsoft.Common.CurrentVersion.targets(656,5): message : プロパティの再代入: $(AssemblySearchPaths)="{CandidateAssemblyFiles};;{HintPathFromItem};{TargetFrameworkDirectory};;{Registry:Software\Microsoft\,v0.0,AssemblyFoldersEx};{AssemblyFolders};{GAC};{RawFileName}" (以前の値: "{CandidateAssemblyFiles};;{HintPathFromItem};{TargetFrameworkDirectory};;{Registry:Software\Microsoft\,v0.0,AssemblyFoldersEx};{AssemblyFolders};{GAC}") C:\Program Files\dotnet\sdk\10.0.300\Microsoft.Common.CurrentVersion.targets (656,5)
       C:\Program Files\dotnet\sdk\10.0.300\Microsoft.Common.CurrentVersion.targets(657,5): message : プロパティの再代入: $(AssemblySearchPaths)="{CandidateAssemblyFiles};;{HintPathFromItem};{TargetFrameworkDirectory};;{Registry:Software\Microsoft\,v0.0,AssemblyFoldersEx};{AssemblyFolders};{GAC};{RawFileName};bin\x64\Release\" (以前の値: "{CandidateAssemblyFiles};;{HintPathFromItem};{TargetFrameworkDirectory};;{Registry:Software\Microsoft\,v0.0,AssemblyFoldersEx};{AssemblyFolders};{GAC};{RawFileName}") C:\Program Files\dotnet\sdk\10.0.300\Microsoft.Common.CurrentVersion.targets (657,5)
       C:\Program Files\dotnet\sdk\10.0.300\Microsoft.Common.CurrentVersion.targets(2622,5): message : 環境から展開された 'C:\Users\rikui\AppData\Local' 値を持つプロパティ 'LOCALAPPDATA'。
       C:\Program Files\dotnet\sdk\10.0.300\Microsoft.Common.CurrentVersion.targets(3950,5): message : プロパティの再代入: $(_SGenGenerateSerializationAssembliesConfig)="Auto" (以前の値: "") C:\Program Files\dotnet\sdk\10.0.300\Microsoft.Common.CurrentVersion.targets (3950,5)
       C:\Program Files\dotnet\sdk\10.0.300\Microsoft.Common.CurrentVersion.targets(5162,5): message : プロパティの再代入: $(_TargetsThatPrepareProjectReferences)="
       C:\Program Files\dotnet\sdk\10.0.300\Microsoft.Common.CurrentVersion.targets(5162,5): message :       AssignProjectConfiguration;
       C:\Program Files\dotnet\sdk\10.0.300\Microsoft.Common.CurrentVersion.targets(5162,5): message :       _SplitProjectReferencesByFileExistence
       C:\Program Files\dotnet\sdk\10.0.300\Microsoft.Common.CurrentVersion.targets(5162,5): message :     " (以前の値: "_SplitProjectReferencesByFileExistence") C:\Program Files\dotnet\sdk\10.0.300\Microsoft.Common.CurrentVersion.targets (5162,5)
       C:\Program Files\dotnet\sdk\10.0.300\Microsoft.Common.CurrentVersion.targets(6975,5): message : 環境から展開された 'C:\Program Files\dotnet\sdk\10.0.300' 値を持つプロパティ 'MSBuildExtensionsPath32'。
       "NuGetInteractive" プロパティはグローバル プロパティであり、変更できません。
       C:\Users\rikui\.nuget\packages\wixtoolset.sdk\5.0.2\tools\wix.targets(202,5): message : プロパティの再代入: $(ResolveReferencesDependsOn)="
       C:\Users\rikui\.nuget\packages\wixtoolset.sdk\5.0.2\tools\wix.targets(202,5): message :       BeforeResolveReferences;
       C:\Users\rikui\.nuget\packages\wixtoolset.sdk\5.0.2\tools\wix.targets(202,5): message :       AssignProjectConfiguration;
       C:\Users\rikui\.nuget\packages\wixtoolset.sdk\5.0.2\tools\wix.targets(202,5): message :       _ValidateProjectAssetsFile;
       C:\Users\rikui\.nuget\packages\wixtoolset.sdk\5.0.2\tools\wix.targets(202,5): message :       ResolveProjectReferences;
       C:\Users\rikui\.nuget\packages\wixtoolset.sdk\5.0.2\tools\wix.targets(202,5): message :       FindInvalidProjectReferences;
       C:\Users\rikui\.nuget\packages\wixtoolset.sdk\5.0.2\tools\wix.targets(202,5): message :       ResolveNativeProjectReferences;
       C:\Users\rikui\.nuget\packages\wixtoolset.sdk\5.0.2\tools\wix.targets(202,5): message :       _ConvertResolvedProjectReferencesIntoWixConstructs;
       C:\Users\rikui\.nuget\packages\wixtoolset.sdk\5.0.2\tools\wix.targets(202,5): message :       ResolveWixLibraryReferences;
       C:\Users\rikui\.nuget\packages\wixtoolset.sdk\5.0.2\tools\wix.targets(202,5): message :       ResolveWixExtensionReferences;
       C:\Users\rikui\.nuget\packages\wixtoolset.sdk\5.0.2\tools\wix.targets(202,5): message :       _CreateProjectDefineConstants;
       C:\Users\rikui\.nuget\packages\wixtoolset.sdk\5.0.2\tools\wix.targets(202,5): message :       AfterResolveReferences
       C:\Users\rikui\.nuget\packages\wixtoolset.sdk\5.0.2\tools\wix.targets(202,5): message :     " (以前の値: "
       C:\Users\rikui\.nuget\packages\wixtoolset.sdk\5.0.2\tools\wix.targets(202,5): message :       BeforeResolveReferences;
       C:\Users\rikui\.nuget\packages\wixtoolset.sdk\5.0.2\tools\wix.targets(202,5): message :       AssignProjectConfiguration;
       C:\Users\rikui\.nuget\packages\wixtoolset.sdk\5.0.2\tools\wix.targets(202,5): message :       ResolveProjectReferences;
       C:\Users\rikui\.nuget\packages\wixtoolset.sdk\5.0.2\tools\wix.targets(202,5): message :       FindInvalidProjectReferences;
       C:\Users\rikui\.nuget\packages\wixtoolset.sdk\5.0.2\tools\wix.targets(202,5): message :       ResolveNativeReferences;
       C:\Users\rikui\.nuget\packages\wixtoolset.sdk\5.0.2\tools\wix.targets(202,5): message :       ResolveAssemblyReferences;
       C:\Users\rikui\.nuget\packages\wixtoolset.sdk\5.0.2\tools\wix.targets(202,5): message :       GenerateBindingRedirects;
       C:\Users\rikui\.nuget\packages\wixtoolset.sdk\5.0.2\tools\wix.targets(202,5): message :       GenerateBindingRedirectsUpdateAppConfig;
       C:\Users\rikui\.nuget\packages\wixtoolset.sdk\5.0.2\tools\wix.targets(202,5): message :       ResolveComReferences;
       C:\Users\rikui\.nuget\packages\wixtoolset.sdk\5.0.2\tools\wix.targets(202,5): message :       AfterResolveReferences
       C:\Users\rikui\.nuget\packages\wixtoolset.sdk\5.0.2\tools\wix.targets(202,5): message :     ") C:\Users\rikui\.nuget\packages\wixtoolset.sdk\5.0.2\tools\wix.targets (202,5)
       C:\Users\rikui\.nuget\packages\wixtoolset.sdk\5.0.2\tools\wix.targets(550,5): message : プロパティの再代入: $(CompileDependsOn)="
       C:\Users\rikui\.nuget\packages\wixtoolset.sdk\5.0.2\tools\wix.targets(550,5): message :       
       C:\Users\rikui\.nuget\packages\wixtoolset.sdk\5.0.2\tools\wix.targets(550,5): message :       ResolveReferences;
       C:\Users\rikui\.nuget\packages\wixtoolset.sdk\5.0.2\tools\wix.targets(550,5): message :       ResolveKeySource;
       C:\Users\rikui\.nuget\packages\wixtoolset.sdk\5.0.2\tools\wix.targets(550,5): message :       SetWin32ManifestProperties;
       C:\Users\rikui\.nuget\packages\wixtoolset.sdk\5.0.2\tools\wix.targets(550,5): message :       _SetPreferNativeArm64Win32ManifestProperties;
       C:\Users\rikui\.nuget\packages\wixtoolset.sdk\5.0.2\tools\wix.targets(550,5): message :       FindReferenceAssembliesForReferences;
       C:\Users\rikui\.nuget\packages\wixtoolset.sdk\5.0.2\tools\wix.targets(550,5): message :       _GenerateCompileInputs;
       C:\Users\rikui\.nuget\packages\wixtoolset.sdk\5.0.2\tools\wix.targets(550,5): message :       BeforeCompile;
       C:\Users\rikui\.nuget\packages\wixtoolset.sdk\5.0.2\tools\wix.targets(550,5): message :       _TimeStampBeforeCompile;
       C:\Users\rikui\.nuget\packages\wixtoolset.sdk\5.0.2\tools\wix.targets(550,5): message :       _GenerateCompileDependencyCache;
       C:\Users\rikui\.nuget\packages\wixtoolset.sdk\5.0.2\tools\wix.targets(550,5): message :       CoreCompile;
       C:\Users\rikui\.nuget\packages\wixtoolset.sdk\5.0.2\tools\wix.targets(550,5): message :       _TimeStampAfterCompile;
       C:\Users\rikui\.nuget\packages\wixtoolset.sdk\5.0.2\tools\wix.targets(550,5): message :       AfterCompile;
       C:\Users\rikui\.nuget\packages\wixtoolset.sdk\5.0.2\tools\wix.targets(550,5): message :     ;
       C:\Users\rikui\.nuget\packages\wixtoolset.sdk\5.0.2\tools\wix.targets(550,5): message :       WindowsInstallerValidation
       C:\Users\rikui\.nuget\packages\wixtoolset.sdk\5.0.2\tools\wix.targets(550,5): message :     " (以前の値: "
       C:\Users\rikui\.nuget\packages\wixtoolset.sdk\5.0.2\tools\wix.targets(550,5): message :       ResolveReferences;
       C:\Users\rikui\.nuget\packages\wixtoolset.sdk\5.0.2\tools\wix.targets(550,5): message :       ResolveKeySource;
       C:\Users\rikui\.nuget\packages\wixtoolset.sdk\5.0.2\tools\wix.targets(550,5): message :       SetWin32ManifestProperties;
       C:\Users\rikui\.nuget\packages\wixtoolset.sdk\5.0.2\tools\wix.targets(550,5): message :       _SetPreferNativeArm64Win32ManifestProperties;
       C:\Users\rikui\.nuget\packages\wixtoolset.sdk\5.0.2\tools\wix.targets(550,5): message :       FindReferenceAssembliesForReferences;
       C:\Users\rikui\.nuget\packages\wixtoolset.sdk\5.0.2\tools\wix.targets(550,5): message :       _GenerateCompileInputs;
       C:\Users\rikui\.nuget\packages\wixtoolset.sdk\5.0.2\tools\wix.targets(550,5): message :       BeforeCompile;
       C:\Users\rikui\.nuget\packages\wixtoolset.sdk\5.0.2\tools\wix.targets(550,5): message :       _TimeStampBeforeCompile;
       C:\Users\rikui\.nuget\packages\wixtoolset.sdk\5.0.2\tools\wix.targets(550,5): message :       _GenerateCompileDependencyCache;
       C:\Users\rikui\.nuget\packages\wixtoolset.sdk\5.0.2\tools\wix.targets(550,5): message :       CoreCompile;
       C:\Users\rikui\.nuget\packages\wixtoolset.sdk\5.0.2\tools\wix.targets(550,5): message :       _TimeStampAfterCompile;
       C:\Users\rikui\.nuget\packages\wixtoolset.sdk\5.0.2\tools\wix.targets(550,5): message :       AfterCompile;
       C:\Users\rikui\.nuget\packages\wixtoolset.sdk\5.0.2\tools\wix.targets(550,5): message :     ") C:\Users\rikui\.nuget\packages\wixtoolset.sdk\5.0.2\tools\wix.targets (550,5)
       C:\Users\rikui\.nuget\packages\wixtoolset.sdk\5.0.2\tools\wix.targets(814,5): message : プロパティの再代入: $(BuiltProjectOutputGroupDependsOn)="PrepareForBuild;AssignTargetPaths" (以前の値: "PrepareForBuild") C:\Users\rikui\.nuget\packages\wixtoolset.sdk\5.0.2\tools\wix.targets (814,5)
       C:\Users\rikui\.nuget\packages\wixtoolset.sdk\5.0.2\tools\wix.targets(850,5): message : プロパティの再代入: $(DebugSymbolsProjectOutputGroupDependsOn)="AssignTargetPaths" (以前の値: "") C:\Users\rikui\.nuget\packages\wixtoolset.sdk\5.0.2\tools\wix.targets (850,5)
       C:\Users\rikui\.nuget\packages\wixtoolset.sdk\5.0.2\tools\WixToolset.Signing.targets(79,5): message : プロパティの再代入: $(CompileDependsOn)="
       C:\Users\rikui\.nuget\packages\wixtoolset.sdk\5.0.2\tools\WixToolset.Signing.targets(79,5): message :       
       C:\Users\rikui\.nuget\packages\wixtoolset.sdk\5.0.2\tools\WixToolset.Signing.targets(79,5): message :       
       C:\Users\rikui\.nuget\packages\wixtoolset.sdk\5.0.2\tools\WixToolset.Signing.targets(79,5): message :       ResolveReferences;
       C:\Users\rikui\.nuget\packages\wixtoolset.sdk\5.0.2\tools\WixToolset.Signing.targets(79,5): message :       ResolveKeySource;
       C:\Users\rikui\.nuget\packages\wixtoolset.sdk\5.0.2\tools\WixToolset.Signing.targets(79,5): message :       SetWin32ManifestProperties;
       C:\Users\rikui\.nuget\packages\wixtoolset.sdk\5.0.2\tools\WixToolset.Signing.targets(79,5): message :       _SetPreferNativeArm64Win32ManifestProperties;
       C:\Users\rikui\.nuget\packages\wixtoolset.sdk\5.0.2\tools\WixToolset.Signing.targets(79,5): message :       FindReferenceAssembliesForReferences;
       C:\Users\rikui\.nuget\packages\wixtoolset.sdk\5.0.2\tools\WixToolset.Signing.targets(79,5): message :       _GenerateCompileInputs;
       C:\Users\rikui\.nuget\packages\wixtoolset.sdk\5.0.2\tools\WixToolset.Signing.targets(79,5): message :       BeforeCompile;
       C:\Users\rikui\.nuget\packages\wixtoolset.sdk\5.0.2\tools\WixToolset.Signing.targets(79,5): message :       _TimeStampBeforeCompile;
       C:\Users\rikui\.nuget\packages\wixtoolset.sdk\5.0.2\tools\WixToolset.Signing.targets(79,5): message :       _GenerateCompileDependencyCache;
       C:\Users\rikui\.nuget\packages\wixtoolset.sdk\5.0.2\tools\WixToolset.Signing.targets(79,5): message :       CoreCompile;
       C:\Users\rikui\.nuget\packages\wixtoolset.sdk\5.0.2\tools\WixToolset.Signing.targets(79,5): message :       _TimeStampAfterCompile;
       C:\Users\rikui\.nuget\packages\wixtoolset.sdk\5.0.2\tools\WixToolset.Signing.targets(79,5): message :       AfterCompile;
       C:\Users\rikui\.nuget\packages\wixtoolset.sdk\5.0.2\tools\WixToolset.Signing.targets(79,5): message :     ;
       C:\Users\rikui\.nuget\packages\wixtoolset.sdk\5.0.2\tools\WixToolset.Signing.targets(79,5): message :       WindowsInstallerValidation
       C:\Users\rikui\.nuget\packages\wixtoolset.sdk\5.0.2\tools\WixToolset.Signing.targets(79,5): message :     ;
       C:\Users\rikui\.nuget\packages\wixtoolset.sdk\5.0.2\tools\WixToolset.Signing.targets(79,5): message :       Signing
       C:\Users\rikui\.nuget\packages\wixtoolset.sdk\5.0.2\tools\WixToolset.Signing.targets(79,5): message :     " (以前の値: "
       C:\Users\rikui\.nuget\packages\wixtoolset.sdk\5.0.2\tools\WixToolset.Signing.targets(79,5): message :       
       C:\Users\rikui\.nuget\packages\wixtoolset.sdk\5.0.2\tools\WixToolset.Signing.targets(79,5): message :       ResolveReferences;
       C:\Users\rikui\.nuget\packages\wixtoolset.sdk\5.0.2\tools\WixToolset.Signing.targets(79,5): message :       ResolveKeySource;
       C:\Users\rikui\.nuget\packages\wixtoolset.sdk\5.0.2\tools\WixToolset.Signing.targets(79,5): message :       SetWin32ManifestProperties;
       C:\Users\rikui\.nuget\packages\wixtoolset.sdk\5.0.2\tools\WixToolset.Signing.targets(79,5): message :       _SetPreferNativeArm64Win32ManifestProperties;
       C:\Users\rikui\.nuget\packages\wixtoolset.sdk\5.0.2\tools\WixToolset.Signing.targets(79,5): message :       FindReferenceAssembliesForReferences;
       C:\Users\rikui\.nuget\packages\wixtoolset.sdk\5.0.2\tools\WixToolset.Signing.targets(79,5): message :       _GenerateCompileInputs;
       C:\Users\rikui\.nuget\packages\wixtoolset.sdk\5.0.2\tools\WixToolset.Signing.targets(79,5): message :       BeforeCompile;
       C:\Users\rikui\.nuget\packages\wixtoolset.sdk\5.0.2\tools\WixToolset.Signing.targets(79,5): message :       _TimeStampBeforeCompile;
       C:\Users\rikui\.nuget\packages\wixtoolset.sdk\5.0.2\tools\WixToolset.Signing.targets(79,5): message :       _GenerateCompileDependencyCache;
       C:\Users\rikui\.nuget\packages\wixtoolset.sdk\5.0.2\tools\WixToolset.Signing.targets(79,5): message :       CoreCompile;
       C:\Users\rikui\.nuget\packages\wixtoolset.sdk\5.0.2\tools\WixToolset.Signing.targets(79,5): message :       _TimeStampAfterCompile;
       C:\Users\rikui\.nuget\packages\wixtoolset.sdk\5.0.2\tools\WixToolset.Signing.targets(79,5): message :       AfterCompile;
       C:\Users\rikui\.nuget\packages\wixtoolset.sdk\5.0.2\tools\WixToolset.Signing.targets(79,5): message :     ;
       C:\Users\rikui\.nuget\packages\wixtoolset.sdk\5.0.2\tools\WixToolset.Signing.targets(79,5): message :       WindowsInstallerValidation
       C:\Users\rikui\.nuget\packages\wixtoolset.sdk\5.0.2\tools\WixToolset.Signing.targets(79,5): message :     ") C:\Users\rikui\.nuget\packages\wixtoolset.sdk\5.0.2\tools\WixToolset.Signing.targets (79,5)
       C:\Users\rikui\.nuget\packages\wixtoolset.sdk\5.0.2\tools\wix.targets(950,5): message : プロパティの再代入: $(DefaultItemExcludes)=";bin\**;obj\**" (以前の値: ";bin\**") C:\Users\rikui\.nuget\packages\wixtoolset.sdk\5.0.2\tools\wix.targets (950,5)
       プロジェクト "C:\Program Files\dotnet\sdk\10.0.300\Microsoft.Common.CurrentVersion.targets" のターゲット "GetReferenceAssemblyPaths" をプロジェクト "C:\Users\rikui\.nuget\packages\wixtoolset.sdk\5.0.2\tools\wix.targets" からのターゲット "GetReferenceAssemblyPaths" でオーバーライドしています。
       プロジェクト "C:\Program Files\dotnet\sdk\10.0.300\Microsoft.Common.CurrentVersion.targets" のターゲット "GetFrameworkPaths" をプロジェクト "C:\Users\rikui\.nuget\packages\wixtoolset.sdk\5.0.2\tools\wix.targets" からのターゲット "GetFrameworkPaths" でオーバーライドしています。
       プロジェクト "C:\Program Files\dotnet\sdk\10.0.300\Microsoft.Common.CurrentVersion.targets" のターゲット "AssignTargetPaths" をプロジェクト "C:\Users\rikui\.nuget\packages\wixtoolset.sdk\5.0.2\tools\wix.targets" からのターゲット "AssignTargetPaths" でオーバーライドしています。
       プロジェクト "C:\Program Files\dotnet\sdk\10.0.300\Microsoft.Common.CurrentVersion.targets" のターゲット "AllProjectOutputGroups" をプロジェクト "C:\Users\rikui\.nuget\packages\wixtoolset.sdk\5.0.2\tools\wix.targets" からのターゲット "AllProjectOutputGroups" でオーバーライドしています。
       プロジェクト "C:\Program Files\dotnet\sdk\10.0.300\Microsoft.Common.CurrentVersion.targets" のターゲット "BuiltProjectOutputGroup" をプロジェクト "C:\Users\rikui\.nuget\packages\wixtoolset.sdk\5.0.2\tools\wix.targets" からのターゲット "BuiltProjectOutputGroup" でオーバーライドしています。
       プロジェクト "C:\Program Files\dotnet\sdk\10.0.300\Microsoft.Common.CurrentVersion.targets" のターゲット "DebugSymbolsProjectOutputGroup" をプロジェクト "C:\Users\rikui\.nuget\packages\wixtoolset.sdk\5.0.2\tools\wix.targets" からのターゲット "DebugSymbolsProjectOutputGroup" でオーバーライドしています。
       プロジェクト "C:\Program Files\dotnet\sdk\10.0.300\Microsoft.Common.CurrentVersion.targets" のターゲット "CopyFilesToOutputDirectory" をプロジェクト "C:\Users\rikui\.nuget\packages\wixtoolset.sdk\5.0.2\tools\wix.targets" からのターゲット "CopyFilesToOutputDirectory" でオーバーライドしています。
     1>ノード 1 上のプロジェクト "C:\Users\rikui\Documents\VSCode\ラピッド圧縮✧展開\rapid-zipper\rapid-zipper.wixproj" (既定のターゲット)。
     1>ファイル "C:\Program Files\dotnet\sdk\10.0.300\NuGet.targets" 内にある、プロジェクト "C:\Users\rikui\Documents\VSCode\ラピッド圧縮✧展開\rapid-zipper\rapid-zipper.wixproj" からのターゲット "CollectPackageReferences" (ターゲット "_GetRestoreProjectStyle" は依存):
     1>TaskRun 中にアセンブリが読み込まれました: NuGet.Build.Tasks, Version=7.6.0.0, Culture=neutral, PublicKeyToken=31bf3856ad364e35 (場所: C:\Program Files\dotnet\sdk\10.0.300\NuGet.Build.Tasks.dll、MVID: c0949f20-44d4-45ce-aaf8-ab3e248ce236、AssemblyLoadContext: MSBuild plugin C:\Program Files\dotnet\sdk\10.0.300\NuGet.Build.Tasks.dll)
       TaskRun 中にアセンブリが読み込まれました: NuGet.Common, Version=7.6.0.0, Culture=neutral, PublicKeyToken=31bf3856ad364e35 (場所: C:\Program Files\dotnet\sdk\10.0.300\NuGet.Common.dll、MVID: c7cb08cf-8731-44a8-9d1a-502b05090f5f、AssemblyLoadContext: MSBuild plugin C:\Program Files\dotnet\sdk\10.0.300\NuGet.Build.Tasks.dll)
       TaskRun 中にアセンブリが読み込まれました: NuGet.Commands, Version=7.6.0.0, Culture=neutral, PublicKeyToken=31bf3856ad364e35 (場所: C:\Program Files\dotnet\sdk\10.0.300\NuGet.Commands.dll、MVID: 99ca5744-e818-4ae7-bac3-44cac66d53a4、AssemblyLoadContext: MSBuild plugin C:\Program Files\dotnet\sdk\10.0.300\NuGet.Build.Tasks.dll)
       TaskRun 中にアセンブリが読み込まれました: NuGet.ProjectModel, Version=7.6.0.0, Culture=neutral, PublicKeyToken=31bf3856ad364e35 (場所: C:\Program Files\dotnet\sdk\10.0.300\NuGet.ProjectModel.dll、MVID: 91c169e8-39f0-4330-8136-94cd57b1c51b、AssemblyLoadContext: MSBuild plugin C:\Program Files\dotnet\sdk\10.0.300\NuGet.Build.Tasks.dll)
       "CheckForDuplicateNuGetItemsTask" タスクをアセンブリ "C:\Program Files\dotnet\sdk\10.0.300\NuGet.Build.Tasks.dll" から使用しています。
       タスク "CheckForDuplicateNuGetItemsTask"
       タスク "CheckForDuplicateNuGetItemsTask" の実行が終了しました。
     1>プロジェクト "rapid-zipper.wixproj" 内のターゲット "CollectPackageReferences" のビルドが終了しました。
     1>ファイル "C:\Program Files\dotnet\sdk\10.0.300\NuGet.targets" 内にある、プロジェクト "C:\Users\rikui\Documents\VSCode\ラピッド圧縮✧展開\rapid-zipper\rapid-zipper.wixproj" からのターゲット "_GetRestoreProjectStyle" (ターゲット "EnableIntermediateOutputPathMismatchWarning" は依存):
       "GetRestoreProjectStyleTask" タスクをアセンブリ "C:\Program Files\dotnet\sdk\10.0.300\NuGet.Build.Tasks.dll" から使用しています。
       タスク "GetRestoreProjectStyleTask"
       タスク "GetRestoreProjectStyleTask" の実行が終了しました。
     1>プロジェクト "rapid-zipper.wixproj" 内のターゲット "_GetRestoreProjectStyle" のビルドが終了しました。
     1>ファイル "C:\Program Files\dotnet\sdk\10.0.300\NuGet.targets" 内にある、プロジェクト "C:\Users\rikui\Documents\VSCode\ラピッド圧縮✧展開\rapid-zipper\rapid-zipper.wixproj" からのターゲット "EnableIntermediateOutputPathMismatchWarning" (ターゲット "_CheckForInvalidConfigurationAndPlatform" は依存):
     1>プロジェクト "rapid-zipper.wixproj" 内のターゲット "EnableIntermediateOutputPathMismatchWarning" のビルドが終了しました。
     1>ファイル "C:\Program Files\dotnet\sdk\10.0.300\Microsoft.Common.CurrentVersion.targets" 内にある、プロジェクト "C:\Users\rikui\Documents\VSCode\ラピッド圧縮✧展開\rapid-zipper\rapid-zipper.wixproj" からのターゲット "_CheckForInvalidConfigurationAndPlatform" (ターゲット "BeforeBuild" は依存):
       "Message" タスクをアセンブリ "Microsoft.Build.Tasks.Core, Version=15.1.0.0, Culture=neutral, PublicKeyToken=b03f5f7f11d50a3a" から使用しています。
       タスク "Message"
         Configuration=Release
       タスク "Message" の実行が終了しました。
       タスク "Message"
         Platform=x64
       タスク "Message" の実行が終了しました。
     1>プロジェクト "rapid-zipper.wixproj" 内のターゲット "_CheckForInvalidConfigurationAndPlatform" のビルドが終了しました。
     1>ファイル "C:\Program Files\dotnet\sdk\10.0.300\Microsoft.Common.CurrentVersion.targets" 内にある、プロジェクト "C:\Users\rikui\Documents\VSCode\ラピッド圧縮✧展開\rapid-zipper\rapid-zipper.wixproj" からのターゲット "BeforeBuild" (ターゲット "Build" は依存):
     1>プロジェクト "rapid-zipper.wixproj" 内のターゲット "BeforeBuild" のビルドが終了しました。
     1>ファイル "C:\Program Files\dotnet\sdk\10.0.300\Microsoft.Common.CurrentVersion.targets" 内にある、プロジェクト "C:\Users\rikui\Documents\VSCode\ラピッド圧縮✧展開\rapid-zipper\rapid-zipper.wixproj" からのターゲット "BuildOnlySettings" (ターゲット "CoreBuild" は依存):
       C:\Program Files\dotnet\sdk\10.0.300\Microsoft.Common.CurrentVersion.targets(1168,7): message : プロパティの再代入: $(BuildingProject)="true" (以前の値: "false") C:\Program Files\dotnet\sdk\10.0.300\Microsoft.Common.CurrentVersion.targets (1168,7) [C:\Users\rikui\Documents\VSCode\ラピッド圧縮✧展開\rapid-zipper\rapid-zipper.wixproj]
     1>プロジェクト "rapid-zipper.wixproj" 内のターゲット "BuildOnlySettings" のビルドが終了しました。
     1>ファイル "C:\Users\rikui\.nuget\packages\wixtoolset.sdk\5.0.2\tools\wix.targets" 内にある、プロジェクト "C:\Users\rikui\Documents\VSCode\ラピッド圧縮✧展開\rapid-zipper\rapid-zipper.wixproj" からのターゲット "GetFrameworkPaths" (ターゲット "PrepareForBuild" は依存):
     1>プロジェクト "rapid-zipper.wixproj" 内のターゲット "GetFrameworkPaths" のビルドが終了しました。
     1>ファイル "C:\Users\rikui\.nuget\packages\wixtoolset.sdk\5.0.2\tools\wix.targets" 内にある、プロジェクト "C:\Users\rikui\Documents\VSCode\ラピッド圧縮✧展開\rapid-zipper\rapid-zipper.wixproj" からのターゲット "GetReferenceAssemblyPaths" (ターゲット "PrepareForBuild" は依存):
     1>プロジェクト "rapid-zipper.wixproj" 内のターゲット "GetReferenceAssemblyPaths" のビルドが終了しました。
     1>ファイル "C:\Program Files\dotnet\sdk\10.0.300\Microsoft.Common.CurrentVersion.targets" 内にある、プロジェクト "C:\Users\rikui\Documents\VSCode\ラピッド圧縮✧展開\rapid-zipper\rapid-zipper.wixproj" からのターゲット "PrepareForBuild" (ターゲット "CoreBuild" は依存):
       "FindAppConfigFile" タスクをアセンブリ "Microsoft.Build.Tasks.Core, Version=15.1.0.0, Culture=neutral, PublicKeyToken=b03f5f7f11d50a3a" から使用しています。
       タスク "FindAppConfigFile"
       タスク "FindAppConfigFile" の実行が終了しました。
       "MakeDir" タスクをアセンブリ "Microsoft.Build.Tasks.Core, Version=15.1.0.0, Culture=neutral, PublicKeyToken=b03f5f7f11d50a3a" から使用しています。
       タスク "MakeDir"
       タスク "MakeDir" の実行が終了しました。
     1>プロジェクト "rapid-zipper.wixproj" 内のターゲット "PrepareForBuild" のビルドが終了しました。
     1>ファイル "C:\Program Files\dotnet\sdk\10.0.300\Microsoft.Common.CurrentVersion.targets" 内にある、プロジェクト "C:\Users\rikui\Documents\VSCode\ラピッド圧縮✧展開\rapid-zipper\rapid-zipper.wixproj" からのターゲット "BeforeResolveReferences" (ターゲット "ResolveReferences" は依存):
     1>プロジェクト "rapid-zipper.wixproj" 内のターゲット "BeforeResolveReferences" のビルドが終了しました。
     1>ファイル "C:\Program Files\dotnet\sdk\10.0.300\Microsoft.Common.CurrentVersion.targets" 内にある、プロジェクト "C:\Users\rikui\Documents\VSCode\ラピッド圧縮✧展開\rapid-zipper\rapid-zipper.wixproj" からのターゲット "IgnoreJavaScriptOutputAssembly" (ターゲット "AssignProjectConfiguration" は依存):
     1>プロジェクト "rapid-zipper.wixproj" 内のターゲット "IgnoreJavaScriptOutputAssembly" のビルドが終了しました。
     1>ファイル "C:\Program Files\dotnet\sdk\10.0.300\Microsoft.Common.CurrentVersion.targets" 内にある、プロジェクト "C:\Users\rikui\Documents\VSCode\ラピッド圧縮✧展開\rapid-zipper\rapid-zipper.wixproj" からのターゲット "_SplitProjectReferencesByFileExistence" (ターゲット "PrepareProjectReferences" は依存):
     1>プロジェクト "rapid-zipper.wixproj" 内のターゲット "_SplitProjectReferencesByFileExistence" のビルドが終了しました。
     1>ファイル "C:\Program Files\dotnet\sdk\10.0.300\Microsoft.Common.CurrentVersion.targets" 内にある、プロジェクト "C:\Users\rikui\Documents\VSCode\ラピッド圧縮✧展開\rapid-zipper\rapid-zipper.wixproj" からのターゲット "_AddOutputPathToGlobalPropertiesToRemove" (ターゲット "_GetProjectReferenceTargetFrameworkProperties" は依存):
     1>プロジェクト "rapid-zipper.wixproj" 内のターゲット "_AddOutputPathToGlobalPropertiesToRemove" のビルドが終了しました。
     1>ファイル "C:\Program Files\dotnet\sdk\10.0.300\Microsoft.Common.CurrentVersion.targets" 内にある、プロジェクト "C:\Users\rikui\Documents\VSCode\ラピッド圧縮✧展開\rapid-zipper\rapid-zipper.wixproj" からのターゲット "_GetProjectReferenceTargetFrameworkProperties" (ターゲット "PrepareProjectReferences" は依存):
       "MSBuild" タスクをアセンブリ "Microsoft.Build.Tasks.Core, Version=15.1.0.0, Culture=neutral, PublicKeyToken=b03f5f7f11d50a3a" から使用しています。
       タスク "MSBuild"
       タスク "MSBuild" の実行が終了しました。
       "SetRidAgnosticValueForProjects" タスクをアセンブリ "Microsoft.Build.Tasks.Core, Version=15.1.0.0, Culture=neutral, PublicKeyToken=b03f5f7f11d50a3a" から使用しています。
       タスク "SetRidAgnosticValueForProjects"
       タスク "SetRidAgnosticValueForProjects" の実行が終了しました。
     1>プロジェクト "rapid-zipper.wixproj" 内のターゲット "_GetProjectReferenceTargetFrameworkProperties" のビルドが終了しました。
     1>ファイル "C:\Program Files\dotnet\sdk\10.0.300\Microsoft.Common.CurrentVersion.targets" 内にある、プロジェクト "C:\Users\rikui\Documents\VSCode\ラピッド圧縮✧展開\rapid-zipper\rapid-zipper.wixproj" からのターゲット "PrepareProjectReferences" (ターゲット "ResolveProjectReferences" は依存):
     1>プロジェクト "rapid-zipper.wixproj" 内のターゲット "PrepareProjectReferences" のビルドが終了しました。
     1>ファイル "C:\Program Files\dotnet\sdk\10.0.300\Microsoft.Common.CurrentVersion.targets" 内にある、プロジェクト "C:\Users\rikui\Documents\VSCode\ラピッド圧縮✧展開\rapid-zipper\rapid-zipper.wixproj" からのターゲット "ResolveProjectReferences" (ターゲット "ResolveReferences" は依存):
     1>プロジェクト "rapid-zipper.wixproj" 内のターゲット "ResolveProjectReferences" のビルドが終了しました。
     1>ファイル "C:\Users\rikui\.nuget\packages\wixtoolset.sdk\5.0.2\tools\wix.targets" 内にある、プロジェクト "C:\Users\rikui\Documents\VSCode\ラピッド圧縮✧展開\rapid-zipper\rapid-zipper.wixproj" からのターゲット "_CreateProjectDefineConstants" (ターゲット "ResolveReferences" は依存):
     1>プロジェクト "rapid-zipper.wixproj" 内のターゲット "_CreateProjectDefineConstants" のビルドが終了しました。
     1>ファイル "C:\Program Files\dotnet\sdk\10.0.300\Microsoft.Common.CurrentVersion.targets" 内にある、プロジェクト "C:\Users\rikui\Documents\VSCode\ラピッド圧縮✧展開\rapid-zipper\rapid-zipper.wixproj" からのターゲット "AfterResolveReferences" (ターゲット "ResolveReferences" は依存):
     1>プロジェクト "rapid-zipper.wixproj" 内のターゲット "AfterResolveReferences" のビルドが終了しました。
     1>ファイル "C:\Program Files\dotnet\sdk\10.0.300\Microsoft.Common.CurrentVersion.targets" 内にある、プロジェクト "C:\Users\rikui\Documents\VSCode\ラピッド圧縮✧展開\rapid-zipper\rapid-zipper.wixproj" からのターゲット "ResolveReferences" (ターゲット "CoreBuild" は依存):
     1>プロジェクト "rapid-zipper.wixproj" 内のターゲット "ResolveReferences" のビルドが終了しました。
     1>ファイル "C:\Users\rikui\.nuget\packages\wixtoolset.sdk\5.0.2\tools\wix.targets" 内にある、プロジェクト "C:\Users\rikui\Documents\VSCode\ラピッド圧縮✧展開\rapid-zipper\rapid-zipper.wixproj" からのターゲット "AssignTargetPaths" (ターゲット "PrepareResourceNames" は依存):
       TaskRun 中にアセンブリが読み込まれました: WixToolset.BuildTasks, Version=5.0.0.0, Culture=neutral, PublicKeyToken=a7d136314861246c (場所: C:\Users\rikui\.nuget\packages\wixtoolset.sdk\5.0.2\tools\net6.0\WixToolset.BuildTasks.dll、MVID: 90aaec6a-c35c-4e0d-aac7-8b05c3edae09、AssemblyLoadContext: MSBuild plugin C:\Users\rikui\.nuget\packages\wixtoolset.sdk\5.0.2\tools\net6.0\WixToolset.BuildTasks.dll)
       "WixAssignCulture" タスクをアセンブリ "C:\Users\rikui\.nuget\packages\wixtoolset.sdk\5.0.2\tools\net6.0\WixToolset.BuildTasks.dll" から使用しています。
       タスク "WixAssignCulture"
       タスク "WixAssignCulture" の実行が終了しました。
       C:\Users\rikui\.nuget\packages\wixtoolset.sdk\5.0.2\tools\wix.targets(498,7): message : プロパティの再代入: $(BindTrackingFilePrefix)="rapid-zipper.wixproj.BindTracking-" (以前の値: "rapid-zipper.wixproj.BindTracking") C:\Users\rikui\.nuget\packages\wixtoolset.sdk\5.0.2\tools\wix.targets (498,7) [C:\Users\rikui\Documents\VSCode\ラピッド圧縮✧展開\rapid-zipper\rapid-zipper.wixproj]
     1>プロジェクト "rapid-zipper.wixproj" 内のターゲット "AssignTargetPaths" のビルドが終了しました。
       ターゲット "AssignTargetPaths" を省略しました。以前に正しくビルドされていました。
     1>ファイル "C:\Program Files\dotnet\sdk\10.0.300\Microsoft.Common.CurrentVersion.targets" 内にある、プロジェクト "C:\Users\rikui\Documents\VSCode\ラピッド圧縮✧展開\rapid-zipper\rapid-zipper.wixproj" からのターゲット "SplitResourcesByCulture" (ターゲット "PrepareResourceNames" は依存):
       "AssignCulture" タスクをアセンブリ "Microsoft.Build.Tasks.Core, Version=15.1.0.0, Culture=neutral, PublicKeyToken=b03f5f7f11d50a3a" から使用しています。
       タスク "AssignCulture"
       タスク "AssignCulture" の実行が終了しました。
     1>プロジェクト "rapid-zipper.wixproj" 内のターゲット "SplitResourcesByCulture" のビルドが終了しました。
     1>ファイル "C:\Program Files\dotnet\sdk\10.0.300\Microsoft.Common.CurrentVersion.targets" 内にある、プロジェクト "C:\Users\rikui\Documents\VSCode\ラピッド圧縮✧展開\rapid-zipper\rapid-zipper.wixproj" からのターゲット "CreateCustomManifestResourceNames" (ターゲット "PrepareResourceNames" は依存):
     1>プロジェクト "rapid-zipper.wixproj" 内のターゲット "CreateCustomManifestResourceNames" のビルドが終了しました。
     1>ファイル "C:\Program Files\dotnet\sdk\10.0.300\Microsoft.Common.CurrentVersion.targets" 内にある、プロジェクト "C:\Users\rikui\Documents\VSCode\ラピッド圧縮✧展開\rapid-zipper\rapid-zipper.wixproj" からのターゲット "PrepareResourceNames" (ターゲット "PrepareResources" は依存):
     1>プロジェクト "rapid-zipper.wixproj" 内のターゲット "PrepareResourceNames" のビルドが終了しました。
       ターゲット "ResolveProjectReferences" を省略しました。以前に正しくビルドされていました。
       ターゲット "GetFrameworkPaths" を省略しました。以前に正しくビルドされていました。
       ターゲット "GetReferenceAssemblyPaths" を省略しました。以前に正しくビルドされていました。
       ターゲット "PrepareForBuild" を省略しました。以前に正しくビルドされていました。
     1>ファイル "C:\Program Files\dotnet\sdk\10.0.300\Microsoft.Common.CurrentVersion.targets" 内にある、プロジェクト "C:\Users\rikui\Documents\VSCode\ラピッド圧縮✧展開\rapid-zipper\rapid-zipper.wixproj" からのターゲット "ResolveSDKReferences" (ターゲット "ResolveAssemblyReferences" は依存):
     1>プロジェクト "rapid-zipper.wixproj" 内のターゲット "ResolveSDKReferences" のビルドが終了しました。
       ターゲット "ResolveSDKReferences" を省略しました。以前に正しくビルドされていました。
     1>ファイル "C:\Program Files\dotnet\sdk\10.0.300\Microsoft.Common.CurrentVersion.targets" 内にある、プロジェクト "C:\Users\rikui\Documents\VSCode\ラピッド圧縮✧展開\rapid-zipper\rapid-zipper.wixproj" からのターゲット "ExpandSDKReferences" (ターゲット "ResolveAssemblyReferences" は依存):
     1>プロジェクト "rapid-zipper.wixproj" 内のターゲット "ExpandSDKReferences" のビルドが終了しました。
     1>ファイル "C:\Program Files\dotnet\sdk\10.0.300\Microsoft.Common.CurrentVersion.targets" 内にある、プロジェクト "C:\Users\rikui\Documents\VSCode\ラピッド圧縮✧展開\rapid-zipper\rapid-zipper.wixproj" からのターゲット "ResolveAssemblyReferences" (ターゲット "ResGen" は依存):
     1>プロジェクト "rapid-zipper.wixproj" 内のターゲット "ResolveAssemblyReferences" のビルドが終了しました。
       ターゲット "SplitResourcesByCulture" を省略しました。以前に正しくビルドされていました。
     1>ファイル "C:\Program Files\dotnet\sdk\10.0.300\Microsoft.Common.CurrentVersion.targets" 内にある、プロジェクト "C:\Users\rikui\Documents\VSCode\ラピッド圧縮✧展開\rapid-zipper\rapid-zipper.wixproj" からのターゲット "BeforeResGen" (ターゲット "ResGen" は依存):
     1>プロジェクト "rapid-zipper.wixproj" 内のターゲット "BeforeResGen" のビルドが終了しました。
       ターゲット "ResolveReferences" を省略しました。以前に正しくビルドされていました。
     1>ファイル "C:\Program Files\dotnet\sdk\10.0.300\Microsoft.Common.CurrentVersion.targets" 内にある、プロジェクト "C:\Users\rikui\Documents\VSCode\ラピッド圧縮✧展開\rapid-zipper\rapid-zipper.wixproj" からのターゲット "FindReferenceAssembliesForReferences" (ターゲット "CoreResGen" は依存):
     1>プロジェクト "rapid-zipper.wixproj" 内のターゲット "FindReferenceAssembliesForReferences" のビルドが終了しました。
     1>ファイル "C:\Program Files\dotnet\sdk\10.0.300\Microsoft.Common.CurrentVersion.targets" 内にある、プロジェクト "C:\Users\rikui\Documents\VSCode\ラピッド圧縮✧展開\rapid-zipper\rapid-zipper.wixproj" からのターゲット "CoreResGen" (ターゲット "ResGen" は依存):
     1>プロジェクト "rapid-zipper.wixproj" 内のターゲット "CoreResGen" のビルドが終了しました。
     1>ファイル "C:\Program Files\dotnet\sdk\10.0.300\Microsoft.Common.CurrentVersion.targets" 内にある、プロジェクト "C:\Users\rikui\Documents\VSCode\ラピッド圧縮✧展開\rapid-zipper\rapid-zipper.wixproj" からのターゲット "AfterResGen" (ターゲット "ResGen" は依存):
     1>プロジェクト "rapid-zipper.wixproj" 内のターゲット "AfterResGen" のビルドが終了しました。
     1>ファイル "C:\Program Files\dotnet\sdk\10.0.300\Microsoft.Common.CurrentVersion.targets" 内にある、プロジェクト "C:\Users\rikui\Documents\VSCode\ラピッド圧縮✧展開\rapid-zipper\rapid-zipper.wixproj" からのターゲット "ResGen" (ターゲット "PrepareResources" は依存):
     1>プロジェクト "rapid-zipper.wixproj" 内のターゲット "ResGen" のビルドが終了しました。
     1>ファイル "C:\Program Files\dotnet\sdk\10.0.300\Microsoft.Common.CurrentVersion.targets" 内にある、プロジェクト "C:\Users\rikui\Documents\VSCode\ラピッド圧縮✧展開\rapid-zipper\rapid-zipper.wixproj" からのターゲット "PrepareResources" (ターゲット "CoreBuild" は依存):
     1>プロジェクト "rapid-zipper.wixproj" 内のターゲット "PrepareResources" のビルドが終了しました。
       ターゲット "ResolveReferences" を省略しました。以前に正しくビルドされていました。
     1>ファイル "C:\Program Files\dotnet\sdk\10.0.300\Microsoft.Common.CurrentVersion.targets" 内にある、プロジェクト "C:\Users\rikui\Documents\VSCode\ラピッド圧縮✧展開\rapid-zipper\rapid-zipper.wixproj" からのターゲット "_SetEmbeddedWin32ManifestProperties" (ターゲット "SetWin32ManifestProperties" は依存):
       "GetFrameworkPath" タスクをアセンブリ "Microsoft.Build.Tasks.Core, Version=15.1.0.0, Culture=neutral, PublicKeyToken=b03f5f7f11d50a3a" から使用しています。
       タスク "GetFrameworkPath"
       タスク "GetFrameworkPath" の実行が終了しました。
     1>プロジェクト "rapid-zipper.wixproj" 内のターゲット "_SetEmbeddedWin32ManifestProperties" のビルドが終了しました。
     1>ファイル "C:\Program Files\dotnet\sdk\10.0.300\Microsoft.Common.CurrentVersion.targets" 内にある、プロジェクト "C:\Users\rikui\Documents\VSCode\ラピッド圧縮✧展開\rapid-zipper\rapid-zipper.wixproj" からのターゲット "SetWin32ManifestProperties" (ターゲット "Compile" は依存):
     1>プロジェクト "rapid-zipper.wixproj" 内のターゲット "SetWin32ManifestProperties" のビルドが終了しました。
       ターゲット "FindReferenceAssembliesForReferences" を省略しました。以前に正しくビルドされていました。
     1>ファイル "C:\Program Files\dotnet\sdk\10.0.300\Microsoft.Common.CurrentVersion.targets" 内にある、プロジェクト "C:\Users\rikui\Documents\VSCode\ラピッド圧縮✧展開\rapid-zipper\rapid-zipper.wixproj" からのターゲット "_GenerateCompileInputs" (ターゲット "Compile" は依存):
     1>プロジェクト "rapid-zipper.wixproj" 内のターゲット "_GenerateCompileInputs" のビルドが終了しました。
     1>ファイル "C:\Program Files\dotnet\sdk\10.0.300\Microsoft.Common.CurrentVersion.targets" 内にある、プロジェクト "C:\Users\rikui\Documents\VSCode\ラピッド圧縮✧展開\rapid-zipper\rapid-zipper.wixproj" からのターゲット "BeforeCompile" (ターゲット "Compile" は依存):
     1>プロジェクト "rapid-zipper.wixproj" 内のターゲット "BeforeCompile" のビルドが終了しました。
       ターゲット "ResolveAssemblyReferences" を省略しました。以前に正しくビルドされていました。
       ターゲット "_GenerateCompileInputs" を省略しました。以前に正しくビルドされていました。
     1>ファイル "C:\Program Files\dotnet\sdk\10.0.300\Microsoft.Common.CurrentVersion.targets" 内にある、プロジェクト "C:\Users\rikui\Documents\VSCode\ラピッド圧縮✧展開\rapid-zipper\rapid-zipper.wixproj" からのターゲット "_GenerateCompileDependencyCache" (ターゲット "Compile" は依存):
       "Hash" タスクをアセンブリ "Microsoft.Build.Tasks.Core, Version=15.1.0.0, Culture=neutral, PublicKeyToken=b03f5f7f11d50a3a" から使用しています。
       タスク "Hash"
       タスク "Hash" の実行が終了しました。
       "WriteLinesToFile" タスクをアセンブリ "Microsoft.Build.Tasks.Core, Version=15.1.0.0, Culture=neutral, PublicKeyToken=b03f5f7f11d50a3a" から使用しています。
       タスク "WriteLinesToFile"
         コンテンツが変更されていないため、ファイル "obj\x64\Release\rapid-zipper.wixproj.CoreCompileInputs.cache" への書き込みをスキップします。
       タスク "WriteLinesToFile" の実行が終了しました。
     1>プロジェクト "rapid-zipper.wixproj" 内のターゲット "_GenerateCompileDependencyCache" のビルドが終了しました。
       ターゲット "AssignTargetPaths" を省略しました。以前に正しくビルドされていました。
     1>ファイル "C:\Users\rikui\.nuget\packages\wixtoolset.sdk\5.0.2\tools\wix.targets" 内にある、プロジェクト "C:\Users\rikui\Documents\VSCode\ラピッド圧縮✧展開\rapid-zipper\rapid-zipper.wixproj" からのターゲット "ReadPreviousBindInputsAndBuiltOutputs" (ターゲット "CoreCompile" は依存):
       "ReadTracking" タスクをアセンブリ "C:\Users\rikui\.nuget\packages\wixtoolset.sdk\5.0.2\tools\net6.0\WixToolset.BuildTasks.dll" から使用しています。
       タスク "ReadTracking"
       タスク "ReadTracking" の実行が終了しました。
     1>プロジェクト "rapid-zipper.wixproj" 内のターゲット "ReadPreviousBindInputsAndBuiltOutputs" のビルドが終了しました。
       ターゲット "_CreateProjectDefineConstants" を省略しました。以前に正しくビルドされていました。
     1>ファイル "C:\Users\rikui\.nuget\packages\wixtoolset.sdk\5.0.2\tools\wix.targets" 内にある、プロジェクト "C:\Users\rikui\Documents\VSCode\ラピッド圧縮✧展開\rapid-zipper\rapid-zipper.wixproj" からのターゲット "CoreCompile" (ターゲット "Compile" は依存):
       ターゲット "CoreCompile" を完全にビルドしています。
       出力ファイル "obj\x64\Release\rapid-zipper.wixproj.BindTracking-neutral.txt" は存在しません。
       "WixBuild" タスクをアセンブリ "C:\Users\rikui\.nuget\packages\wixtoolset.sdk\5.0.2\tools\net6.0\WixToolset.BuildTasks.dll" から使用しています。
       タスク "WixBuild"
         TaskRun (WixToolset.BuildTasks.WixBuild) 中にアセンブリが読み込まれました: System.Runtime.InteropServices.RuntimeInformation, Version=10.0.0.0, Culture=neutral, PublicKeyToken=b03f5f7f11d50a3a (場所: C:\Program Files\dotnet\shared\Microsoft.NETCore.App\10.0.8\System.Runtime.InteropServices.RuntimeInformation.dll、MVID: e5167e17-8a24-4daa-87bb-d6f9e1da0ac4、AssemblyLoadContext: Default)
         C:\Program Files\dotnet\dotnet.exe exec "C:\Users\rikui\.nuget\packages\wixtoolset.sdk\5.0.2\tools\net6.0\wix.dll" build -platform x64 -out obj\x64\Release\rapid-zipper.msi -outputType Package -pdb obj\x64\Release\rapid-zipper.wixpdb -pdbType full -culture null -d Configuration=Release -d OutDir=bin\x64\Release\ -d InstallerPlatform=x64 -d Platform=x64 -d "ProjectDir=C:\Users\rikui\Documents\VSCode\ラピッド圧縮✧展開\rapid-zipper\\" -d ProjectExt=.wixproj -d ProjectFileName=rapid-zipper.wixproj -d ProjectName=rapid-zipper -d "ProjectPath=C:\Users\rikui\Documents\VSCode\ラピッド圧縮✧展開\rapid-zipper\rapid-zipper.wixproj" -d "TargetDir=C:\Users\rikui\Documents\VSCode\ラピッド圧縮✧展開\rapid-zipper\bin\x64\Release\\" -d TargetExt=.msi -d TargetFileName=rapid-zipper.msi -d TargetName=rapid-zipper -d "TargetPath=C:\Users\rikui\Documents\VSCode\ラピッド圧縮✧展開\rapid-zipper\bin\x64\Release\rapid-zipper.msi" -intermediatefolder obj\x64\Release\ -trackingfile obj\x64\Release\rapid-zipper.wixproj.BindTracking-neutral.txt -nologo  Product.wxs
         TaskRun (WixToolset.BuildTasks.WixBuild) 中にアセンブリが読み込まれました: System.Collections.NonGeneric, Version=10.0.0.0, Culture=neutral, PublicKeyToken=b03f5f7f11d50a3a (場所: C:\Program Files\dotnet\shared\Microsoft.NETCore.App\10.0.8\System.Collections.NonGeneric.dll、MVID: 121c3784-89ba-4f3b-a062-599c6d8fa4d6、AssemblyLoadContext: Default)
         TaskRun (WixToolset.BuildTasks.WixBuild) 中にアセンブリが読み込まれました: System.Threading.ThreadPool, Version=10.0.0.0, Culture=neutral, PublicKeyToken=b03f5f7f11d50a3a (場所: C:\Program Files\dotnet\shared\Microsoft.NETCore.App\10.0.8\System.Threading.ThreadPool.dll、MVID: 78d5b8c1-7c0f-4558-9d57-32086ab050aa、AssemblyLoadContext: Default)
         TaskRun (WixToolset.BuildTasks.WixBuild) 中にアセンブリが読み込まれました: System.Net.Requests, Version=10.0.0.0, Culture=neutral, PublicKeyToken=b03f5f7f11d50a3a (場所: C:\Program Files\dotnet\shared\Microsoft.NETCore.App\10.0.8\System.Net.Requests.dll、MVID: 15929704-38c2-4229-9d07-181ccdf2fa91、AssemblyLoadContext: Default)
         TaskRun (WixToolset.BuildTasks.WixBuild) 中にアセンブリが読み込まれました: System.Runtime.Intrinsics, Version=10.0.0.0, Culture=neutral, PublicKeyToken=cc7b13ffcd2ddd51 (場所: C:\Program Files\dotnet\shared\Microsoft.NETCore.App\10.0.8\System.Runtime.Intrinsics.dll、MVID: a04dcc71-95cf-4c6e-8d1b-741777b55142、AssemblyLoadContext: Default)
         TaskRun (WixToolset.BuildTasks.WixBuild) 中にアセンブリが読み込まれました: System.Net.Sockets, Version=10.0.0.0, Culture=neutral, PublicKeyToken=b03f5f7f11d50a3a (場所: C:\Program Files\dotnet\shared\Microsoft.NETCore.App\10.0.8\System.Net.Sockets.dll、MVID: b901e986-eb95-4552-8651-2939219a54d8、AssemblyLoadContext: Default)
         TaskRun (WixToolset.BuildTasks.WixBuild) 中にアセンブリが読み込まれました: System.Threading.Overlapped, Version=10.0.0.0, Culture=neutral, PublicKeyToken=b03f5f7f11d50a3a (場所: C:\Program Files\dotnet\shared\Microsoft.NETCore.App\10.0.8\System.Threading.Overlapped.dll、MVID: 1fa2025e-13e9-4104-b6d0-8076aa7864c0、AssemblyLoadContext: Default)
